../Core/Src/main.c:89:5:main	16	static
../Core/Src/main.c:159:6:SystemClock_Config	88	static
../Core/Src/main.c:206:13:MX_TIM1_Init	96	static
../Core/Src/main.c:286:13:MX_TIM2_Init	48	static
../Core/Src/main.c:348:13:MX_USART2_UART_Init	8	static
../Core/Src/main.c:379:13:MX_DMA_Init	16	static
../Core/Src/main.c:397:13:MX_GPIO_Init	48	static
../Core/Src/main.c:426:7:IC_Calc_Period	48	static
../Core/Src/main.c:470:6:before_and_after	16	static
../Core/Src/main.c:497:6:motor	24	static
../Core/Src/main.c:515:6:PID	32	static
../Core/Src/main.c:533:6:clear	16	static
../Core/Src/main.c:546:6:Error_Handler	4	static,ignoring_inline_asm
