../Core/Src/main.c:91:5:main	8	static
../Core/Src/main.c:173:6:SystemClock_Config	88	static
../Core/Src/main.c:220:13:MX_TIM1_Init	96	static
../Core/Src/main.c:300:13:MX_TIM2_Init	48	static
../Core/Src/main.c:362:13:MX_USART2_UART_Init	8	static
../Core/Src/main.c:393:13:MX_DMA_Init	16	static
../Core/Src/main.c:411:13:MX_GPIO_Init	48	static
../Core/Src/main.c:440:7:IC_Calc_Period	48	static
../Core/Src/main.c:484:6:before_and_after	16	static
../Core/Src/main.c:511:6:PID	32	static
../Core/Src/main.c:540:6:motor	24	static
../Core/Src/main.c:558:6:clear	16	static
../Core/Src/main.c:571:6:Error_Handler	4	static,ignoring_inline_asm
